C51 COMPILER V9.54   MAIN                                                                  08/27/2023 04:11:52 PAGE 1   


C51 COMPILER V9.54, COMPILATION OF MODULE MAIN
OBJECT MODULE PLACED IN .\Objects\main.obj
COMPILER INVOKED BY: D:\Program Files\Keil_v5_C51\C51\BIN\C51.EXE Users\main.c OPTIMIZE(8,SPEED) BROWSE INCDIR(.\Users) 
                    -DEBUG OBJECTEXTEND PRINT(.\Listings\main.lst) TABS(2) OBJECT(.\Objects\main.obj)

line level    source

   1          /********************************************************************************
   2            * 文 件 名: main.c
   3            * 版 本 号: 初版
   4            * 修改作者: Smoaflie
   5            * 修改日期: 2023年08月27日
   6            * 功能介绍: 使用51单片机测试AS608模块
   7            ******************************************************************************
   8            * 注意事项: 请在串口助手里模拟AS608收发数据
   9                        该代码遵守 GPL3.0开源协议，仅供学习参考，禁止商用
  10          *********************************************************************************/
  11          
  12          #include <REGX52.H>
  13          #include "AS608.h"
  14          #include "UART.h"
  15          
  16          int main(void)
  17          {
  18   1        UART_Init(57600);
  19   1        Timer0Init();
  20   1        UART_SendStr("初始化完成");
  21   1        while(1)
  22   1        {
  23   2          
  24   2        }
  25   1        return 0;
  26   1      }
*** WARNING C294 IN LINE 25 OF Users\main.c: unreachable code


MODULE INFORMATION:   STATIC OVERLAYABLE
   CODE SIZE        =     21    ----
   CONSTANT SIZE    =     11    ----
   XDATA SIZE       =   ----    ----
   PDATA SIZE       =   ----    ----
   DATA SIZE        =   ----    ----
   IDATA SIZE       =   ----    ----
   BIT SIZE         =   ----    ----
END OF MODULE INFORMATION.


C51 COMPILATION COMPLETE.  1 WARNING(S),  0 ERROR(S)
